=== LOCAL 1-MONTH SEED 2026-09-15T11:54:28+00:00 ===
Target: InsiderWatch ~30d + CEO/Form144/13D/G/company filings for current quarter

=== 1/5 InsiderWatch + news=== LOCAL 1-MONTH SEED 2026-
> congress-trade-updater@0.1.0 update-data
> tsx src/update.ts

START UPDATE (InsiderWatch)

No prior InsiderWatch sync — using 30-day lookback (Kadoa history kept)
Overlap days: 3 (filed_date filter)

Upserting 288 stock trades…
========================================
INSIDERWATCH UPDATE
========================================
Rows downloaded:              2,435
Cutoff filed_date:       ========================================
INSIDERWATCH UPDATE
========================================
Rows downloaded:              2,435
Cutoff filed_date:            2026-08-16
First InsiderWatch sync:      recent lookback window
Rows after date filter:       290
House/Senate rows:            290
Stock rows retained:          288
Non-stock rows ignored:       2
Malformed rows skipped:       0
Members:                      18
Unique tickers:               186
Disclosure date range:         202Syncing missing stock price bars (Alpaca IEX)…
STOCK PRICE DATA
Status: SUCCESS
Tickers checked: 186
Tickers updated: 186
New daily bars: 12460
Skipped unsupported assets: 0
Skipped (no Alpaca history): 0
ErrorSTOCK PRICE DATA
Status: SUCCESS
TickMEMBER HOLDINGS
Members with positions: 15
Open positions: 84

Fetching GDELT finance news…
NEWS
Status: FAILED
Error: GDELT rate limit — only one request every 5 seconds is allowed
GDELT articles fetched: 0 (Congress/prices left unchanged)

Fetching SENEWS
Status: FAILED
Error: GDELT rate limit — only one request every 5 seco[13F] processing 01dec2025-28feb2026_form13f
gress/prices left unchanged)

Fetching SEC filing datasets (13F, 13D/G, 144, 8-K, fundamentals, offerings, N-PORT)…
[13F] processing 01dec2025-28feb2026_form13f
